// Jest Snapshot v1, https://goo.gl/fbAQLP

exports[`<Box /> component renders the provided component 1`] = `
<div
  className="box"
>
  FOO!
</div>
`;
