// Jest Snapshot v1, https://goo.gl/fbAQLP

exports[`<Message /> component renders the message information 1`] = `
<div
  className="message message--error"
>
  Hello, World!
</div>
`;
