// Jest Snapshot v1, https://goo.gl/fbAQLP

exports[`<Spinner /> component renders a spinner 1`] = `
<div>
  Loading ...
</div>
`;
